18:15:42 **** Incremental Build of configuration Debug for project blth_again ****
make -j7 all 
arm-none-eabi-size   blth_again.elf 
   text	   data	    bss	    dec	    hex	filename
  11884	     28	   1844	  13756	   35bc	blth_again.elf
Finished building: default.size.stdout
 
18:16:15 **** Incremental Build of configuration Debug for project blth_again ****
make -j7 all 
arm-none-eabi-size   blth_again.elf 
   text	   data	    bss	    dec	    hex	filename
  11884	     28	   1844	  13756	   35bc	blth_again.elf
Finished building: default.size.stdout
 
18:32:34 **** Incremental Build of configuration Debug for project blth_again ****
make -j7 all 
arm-none-eabi-gcc "../Core/Src/main.c" -mcpu=cortex-m0 -std=gnu11 -g3 -DDEBUG -DUSE_HAL_DRIVER -DSTM32F070xB -c -I../Core/Inc -I../Drivers/STM32F0xx_HAL_Driver/Inc -I../Drivers/STM32F0xx_HAL_Driver/Inc/Legacy -I../Drivers/CMSIS/Device/ST/STM32F0xx/Include -I../Drivers/CMSIS/Include -O0 -ffunction-sections -fdata-sections -Wall -fstack-usage -fcyclomatic-complexity -MMD -MP -MF"Core/Src/main.d" -MT"Core/Src/main.o" --specs=nano.specs -mfloat-abi=soft -mthumb -o "Core/Src/main.o"
arm-none-eabi-gcc -o "blth_again.elf" @"objects.list"   -mcpu=cortex-m0 -T"/Users/malaypatel/STM32CubeIDE/workspace_1.13.2/new_beginning/blth_again/STM32F070RBTX_FLASH.ld" --specs=nosys.specs -Wl,-Map="blth_again.map" -Wl,--gc-sections -static --specs=nano.specs -mfloat-abi=soft -mthumb -Wl,--start-group -lc -lm -Wl,--end-group
Finished building target: blth_again.elf
 
arm-none-eabi-size   blth_again.elf 
arm-none-eabi-objdump -h -S  blth_again.elf  > "blth_again.list"
   text	   data	    bss	    dec	    hex	filename
  11884	     28	   1844	  13756	   35bc	blth_again.elf
Finished building: default.size.stdout
 
Finished building: blth_again.list
 
18:32:41 **** Incremental Build of configuration Debug for project blth_again ****
make -j7 all 
arm-none-eabi-size   blth_again.elf 
   text	   data	    bss	    dec	    hex	filename
  11884	     28	   1844	  13756	   35bc	blth_again.elf
Finished building: default.size.stdout
 
18:40:19 **** Incremental Build of configuration Debug for project blth_again ****
make -j7 all 
arm-none-eabi-gcc "../Core/Src/main.c" -mcpu=cortex-m0 -std=gnu11 -g3 -DDEBUG -DUSE_HAL_DRIVER -DSTM32F070xB -c -I../Core/Inc -I../Drivers/STM32F0xx_HAL_Driver/Inc -I../Drivers/STM32F0xx_HAL_Driver/Inc/Legacy -I../Drivers/CMSIS/Device/ST/STM32F0xx/Include -I../Drivers/CMSIS/Include -O0 -ffunction-sections -fdata-sections -Wall -fstack-usage -fcyclomatic-complexity -MMD -MP -MF"Core/Src/main.d" -MT"Core/Src/main.o" --specs=nano.specs -mfloat-abi=soft -mthumb -o "Core/Src/main.o"
arm-none-eabi-gcc -o "blth_again.elf" @"objects.list"   -mcpu=cortex-m0 -T"/Users/malaypatel/STM32CubeIDE/workspace_1.13.2/new_beginning/blth_again/STM32F070RBTX_FLASH.ld" --specs=nosys.specs -Wl,-Map="blth_again.map" -Wl,--gc-sections -static --specs=nano.specs -mfloat-abi=soft -mthumb -Wl,--start-group -lc -lm -Wl,--end-group
Finished building target: blth_again.elf
 
arm-none-eabi-size   blth_again.elf 
arm-none-eabi-objdump -h -S  blth_again.elf  > "blth_again.list"
   text	   data	    bss	    dec	    hex	filename
  11868	     28	   1844	  13740	   35ac	blth_again.elf
Finished building: default.size.stdout
 
Finished building: blth_again.list
 
18:40:32 **** Incremental Build of configuration Debug for project blth_again ****
make -j7 all 
arm-none-eabi-size   blth_again.elf 
   text	   data	    bss	    dec	    hex	filename
  11868	     28	   1844	  13740	   35ac	blth_again.elf
Finished building: default.size.stdout
 
18:44:46 **** Incremental Build of configuration Debug for project blth_again ****
make -j7 all 
arm-none-eabi-gcc "../Core/Src/main.c" -mcpu=cortex-m0 -std=gnu11 -g3 -DDEBUG -DUSE_HAL_DRIVER -DSTM32F070xB -c -I../Core/Inc -I../Drivers/STM32F0xx_HAL_Driver/Inc -I../Drivers/STM32F0xx_HAL_Driver/Inc/Legacy -I../Drivers/CMSIS/Device/ST/STM32F0xx/Include -I../Drivers/CMSIS/Include -O0 -ffunction-sections -fdata-sections -Wall -fstack-usage -fcyclomatic-complexity -MMD -MP -MF"Core/Src/main.d" -MT"Core/Src/main.o" --specs=nano.specs -mfloat-abi=soft -mthumb -o "Core/Src/main.o"
arm-none-eabi-gcc -o "blth_again.elf" @"objects.list"   -mcpu=cortex-m0 -T"/Users/malaypatel/STM32CubeIDE/workspace_1.13.2/new_beginning/blth_again/STM32F070RBTX_FLASH.ld" --specs=nosys.specs -Wl,-Map="blth_again.map" -Wl,--gc-sections -static --specs=nano.specs -mfloat-abi=soft -mthumb -Wl,--start-group -lc -lm -Wl,--end-group
Finished building target: blth_again.elf
 
arm-none-eabi-size   blth_again.elf 
arm-none-eabi-objdump -h -S  blth_again.elf  > "blth_again.list"
   text	   data	    bss	    dec	    hex	filename
  11880	     20	   1844	  13744	   35b0	blth_again.elf
Finished building: default.size.stdout
 
Finished building: blth_again.list
 
18:44:56 **** Incremental Build of configuration Debug for project blth_again ****
make -j7 all 
arm-none-eabi-size   blth_again.elf 
   text	   data	    bss	    dec	    hex	filename
  11880	     20	   1844	  13744	   35b0	blth_again.elf
Finished building: default.size.stdout
 
18:45:02 **** Incremental Build of configuration Debug for project blth_again ****
make -j7 all 
arm-none-eabi-size   blth_again.elf 
   text	   data	    bss	    dec	    hex	filename
  11880	     20	   1844	  13744	   35b0	blth_again.elf
Finished building: default.size.stdout
 
